scheduling build on Metal builder "builder-kpobxd"
scheduling build on Metal builder "builder-kpobxd"
fetched snapshot sha256:fa98a671c2715e1c1dd249f7f58c4457d32e9c024fe41c8a83260c4fdf7432ce (1.3 MB bytes)
[INFO] fetching snapshot
[INFO] unpacking archive
using build driver railpack-v0.39.0
[INFO] [railway] prepare railpack-v0.39.0
[INFO] local://prepare-driver
[INFO] local://prepare-context
[INFO] docker-image://ghcr.io/railwayapp/railpack-builder:latest
[INFO] local://prepare-driver
[INFO] docker-image://ghcr.io/railwayapp/railpack-builder:latest
[INFO] local://prepare-driver
[INFO] local://prepare-context
[INFO] local://prepare-context
[INFO] local://prepare-context
[INFO] docker-image://ghcr.io/railwayapp/railpack-builder:latest
[INFO] docker-image://ghcr.io/railwayapp/railpack-builder:latest
[INFO] docker-image://ghcr.io/railwayapp/railpack-builder:latest
[INFO] local://prepare-driver
[INFO] local://prepare-context
[INFO] [railway] prepare railpack-v0.39.0
[INFO]                    
╭─────────────────╮
│ Railpack 0.39.0 │
╰─────────────────╯

  ⚠ No node package manager detected, using npm
  → Specify the package manager and version explicitly https://railpack.com/config/recommendations#specify-the-node-package-manager-version
  ↳ Detected Node
  ↳ Using npm package manager
  ↳ Custom start command detected, skipping Caddy start
  → Add a `package-lock.json` for more deterministic installs https://railpack.com/architecture/recommendations
            
  Packages  
  ──────────
  node  │  20.20.2  │  package.json > engines > node (>=20.9.0)
            
  Steps     
  ──────────
  ▸ install
    $ npm install
         
  ▸ build
    $ npm run build
            
  Deploy    
  ──────────
    $ npm run start


[INFO] [railway] prepare railpack-v0.39.0
[INFO] resolve image config for docker-image://ghcr.io/railwayapp/railpack-frontend:v0.39.0
[INFO] resolve image config for docker-image://ghcr.io/railwayapp/railpack-frontend:v0.39.0
[INFO] docker-image://ghcr.io/railwayapp/railpack-frontend:v0.39.0@sha256:db24dc37640b6887c3d455b40876ea30f75182964479670cba6e4cde7ffef103
[INFO] docker-image://ghcr.io/railwayapp/railpack-frontend:v0.39.0@sha256:db24dc37640b6887c3d455b40876ea30f75182964479670cba6e4cde7ffef103
[INFO] docker-image://ghcr.io/railwayapp/railpack-frontend:v0.39.0@sha256:db24dc37640b6887c3d455b40876ea30f75182964479670cba6e4cde7ffef103
[INFO] docker-image://ghcr.io/railwayapp/railpack-frontend:v0.39.0@sha256:db24dc37640b6887c3d455b40876ea30f75182964479670cba6e4cde7ffef103
[INFO] load build definition from ./railpack-plan.json
[INFO] load build definition from ./railpack-plan.json
[INFO] load build definition from ./railpack-plan.json
[INFO] load build definition from ./railpack-plan.json
[INFO] mkdir -p /app/node_modules/.cache
[INFO] copy /root/.local/state/mise
[INFO] [railpack] secrets hash
[INFO] copy /mise/shims
[INFO] copy / /app
[INFO] copy package.json
[INFO] npm install
[INFO] create mise config
[INFO] mkdir /etc/mise
[INFO] docker-image://ghcr.io/railwayapp/railpack-builder:mise-2026.8.16
[INFO] install apt packages: libatomic1
[INFO] loading .
[INFO] copy prisma
[INFO] install mise packages: node
[INFO] docker-image://ghcr.io/railwayapp/railpack-runtime:mise-2026.8.16
[INFO] copy /mise/installs
[INFO] copy /etc/mise/config.toml
[INFO] copy /usr/local/bin/mise
[INFO] [railpack] merge $packages:apt:runtime, $packages:mise, $build, $build
[INFO] copy /app
[INFO] copy /root/.cache
[INFO] copy /app/node_modules
[INFO] npm run build
[INFO] docker-image://ghcr.io/railwayapp/railpack-runtime:mise-2026.8.16
[INFO] [railpack] secrets hash
[INFO] loading .
[INFO] docker-image://ghcr.io/railwayapp/railpack-builder:mise-2026.8.16
[INFO] loading .
[INFO] docker-image://ghcr.io/railwayapp/railpack-runtime:mise-2026.8.16
[INFO] docker-image://ghcr.io/railwayapp/railpack-runtime:mise-2026.8.16
[INFO] install apt packages: libatomic1
[INFO] docker-image://ghcr.io/railwayapp/railpack-builder:mise-2026.8.16
[INFO] mkdir /etc/mise
[INFO] create mise config
[INFO] [railpack] secrets hash
[INFO] install mise packages: node
[INFO] copy /mise/shims
[INFO] copy /mise/installs
[INFO] copy /usr/local/bin/mise
[INFO] copy /etc/mise/config.toml
[INFO] copy /root/.local/state/mise
[INFO] loading .
[INFO] install mise packages: node
[INFO] install mise packages: node
[INFO] copy /root/.local/state/mise
[INFO] loading .
[INFO] [railpack] secrets hash
[INFO] mise node@20.20.2    [1/3] install

[INFO] mise node@20.20.2    [1/3] download node-v20.20.2-linux-x64.tar.gz

[INFO] Hit:1 http://deb.debian.org/debian trixie InRelease
Hit:2 http://deb.debian.org/debian trixie-updates InRelease
Get:3 http://deb.debian.org/debian-security trixie-security InRelease [43.4 kB]

[INFO] Fetched 43.4 kB in 0s (563 kB/s)
Reading package lists...
[INFO] mise node@20.20.2    [2/3] generate checksum node-v20.20.2-linux-x64.tar.gz

[INFO] mise node@20.20.2    [3/3] extract node-v20.20.2-linux-x64.tar.gz

[INFO] 
[INFO] Reading package lists...
[INFO] mise node@20.20.2    [3/3] node -v

[INFO] mise node@20.20.2    [3/3] v20.20.2

[INFO] mise node@20.20.2    [3/3] npm -v

[INFO] mise node@20.20.2    [3/3] 10.8.2

[INFO] mise node@20.20.2  ✓ installed

[INFO] 
[INFO] Building dependency tree...
[INFO] 
Reading state information...
[INFO] 
[INFO] install mise packages: node
[INFO] mkdir -p /app/node_modules/.cache
[INFO] The following NEW packages will be installed:

[INFO]   libatomic1

[INFO] 0 upgraded, 1 newly installed, 0 to remove and 14 not upgraded.
Need to get 9308 B of archives.
After this operation, 46.1 kB of additional disk space will be used.
Get:1 http://deb.debian.org/debian trixie/main amd64 libatomic1 amd64 14.2.0-19 [9308 B]

[INFO] debconf: unable to initialize frontend: Dialog
debconf: (TERM is not set, so the dialog frontend is not usable.)
debconf: falling back to frontend: Readline

[INFO] debconf: unable to initialize frontend: Readline
debconf: (Can't locate Term/ReadLine.pm in @INC (you may need to install the Term::ReadLine module) (@INC entries checked: /etc/perl /usr/local/lib/x86_64-linux-gnu/perl/5.40.1 /usr/local/share/perl/5.40.1 /usr/lib/x86_64-linux-gnu/perl5/5.40 /usr/share/perl5 /usr/lib/x86_64-linux-gnu/perl-base /usr/lib/x86_64-linux-gnu/perl/5.40 /usr/share/perl/5.40 /usr/local/lib/site_perl) at /usr/share/perl5/Debconf/FrontEnd/Readline.pm line 8, <STDIN> line 1.)
debconf: falling back to frontend: Teletype

[INFO] debconf: unable to initialize frontend: Teletype
debconf: (This frontend requires a controlling tty.)
debconf: falling back to frontend: Noninteractive

[INFO] mkdir -p /app/node_modules/.cache
[INFO] copy package.json
[INFO] copy package.json
[INFO] copy prisma
[INFO] Fetched 9308 B in 0s (419 kB/s)

[INFO] Selecting previously unselected package libatomic1:amd64.
(Reading database ... 
[INFO] (Reading database ... 5%(Reading database ... 10%(Reading database ... 15%(Reading database ... 20%(Reading database ... 25%(Reading database ... 30%(Reading database ... 35%(Reading database ... 40%(Reading database ... 45%(Reading database ... 50%(Reading database ... 55%(Reading database ... 60%(Reading database ... 65%
[INFO] (Reading database ... 70%
[INFO] (Reading database ... 75%
[INFO] (Reading database ... 80%
[INFO] (Reading database ... 85%
[INFO] (Reading database ... 90%
[INFO] (Reading database ... 95%
[INFO] (Reading database ... 100%(Reading database ... 6220 files and directories currently installed.)

[INFO] Preparing to unpack .../libatomic1_14.2.0-19_amd64.deb ...

[INFO] Unpacking libatomic1:amd64 (14.2.0-19) ...

[INFO] Setting up libatomic1:amd64 (14.2.0-19) ...

[INFO] Processing triggers for libc-bin (2.41-12+deb13u3) ...

[INFO] copy prisma
[INFO] install apt packages: libatomic1
[INFO] npm install
[INFO] npm warn config production Use `--omit=dev` instead.

[INFO] npm warn ERESOLVE overriding peer dependency

[INFO] npm warn ERESOLVE overriding peer dependency

[INFO] npm warn ERESOLVE overriding peer dependency

[INFO] npm warn ERESOLVE overriding peer dependency

[INFO] npm warn ERESOLVE overriding peer dependency

[INFO] npm warn ERESOLVE overriding peer dependency

[INFO] npm warn ERESOLVE overriding peer dependency

[INFO] npm warn ERESOLVE overriding peer dependency

[INFO] docker-image://ghcr.io/railwayapp/railpack-builder:mise-2026.8.16
[INFO] npm warn EBADENGINE Unsupported engine {
npm warn EBADENGINE   package: '@azure/storage-blob@12.33.0',
npm warn EBADENGINE   required: { node: '>=22.0.0' },
npm warn EBADENGINE   current: { node: 'v20.20.2', npm: '10.8.2' }
npm warn EBADENGINE }

[INFO] npm warn deprecated mumath@3.3.4: Redundant dependency in your project.

[INFO] npm warn deprecated eslint@9.33.0: This version is no longer supported. Please see https://eslint.org/version-support for other options.

[INFO] npm warn deprecated recharts@2.15.3: 1.x and 2.x branches are no longer active. Bump to Recharts v3 to receive latest features and bugfixes. See https://github.com/recharts/recharts/wiki/3.0-migration-guide

[INFO] npm warn deprecated @plotly/mapbox-gl@1.13.4: This package is deprecated as of August 2026. plotly.js v4 uses MapLibre for map traces — see https://github.com/maplibre/maplibre-gl-js.

[INFO] 
added 1109 packages, and audited 1110 packages in 44s

[INFO] 
9 vulnerabilities (1 low, 2 moderate, 4 high, 2 critical)

To address all issues (including breaking changes), run:
  npm audit fix --force

Run `npm audit` for details.

[INFO] npm install
[INFO] copy / /app
[INFO] copy / /app
[INFO] npm run build
[INFO] npm warn config production Use `--omit=dev` instead.

[INFO] 
> build
> next build && cp -R public .next/standalone/ && cp -R .next/static .next/standalone/.next/


[INFO] ▲ Next.js 16.3.3 (Turbopack)

[INFO] ✓ Running next.config.js took 14ms

[INFO] 
[INFO]   Creating an optimized production build ...

[INFO] 
[INFO] > Build error occurred

[INFO] Error: Turbopack build failed with 3 errors:
./app/profile/profile-content.tsx:71:31
Error: Nullish coalescing operator(??) requires parens when mixing with logical operators
  69 |
  70 | function formatValue(key: string, value: string, data: Record<string, string>) {
> 71 |   if (key === 'stage') return STAGE_LABELS[value] ?? value || '-'
     |                               ^^^^^^^^^^^^^^^^^^^^^^^^^^^^^^^^^^^
  72 |   if (key === 'capital') return formatCurrency(value, data?.capitalCurrency ?? 'TRY')
  73 |   if (key === 'budget') return formatCurrency(value, data?.budgetCurrency ?? 'TRY')
  74 |   if (key === 'riskLevel') {

Parsing ecmascript source code failed

Import trace:
  Server Component:
    ./app/profile/profile-content.tsx
    ./app/profile/page.tsx


./app/profile/profile-content.tsx:76:12
Error: Nullish coalescing operator(??) requires parens when mixing with logical operators
  74 |   if (key === 'riskLevel') {
  75 |     const map: Record<string, string> = { low: 'Düşük Risk', medium: 'Orta Risk', high: 'Y...
> 76 |     return map[value] ?? value || '-'
     |            ^^^^^^^^^^^^^^^^^^^^^^^^^^
  77 |   }
  78 |   if (key === 'workModel') {
  79 |     const map: Record<string, string> = { partnership: 'Ortaklık', salary: 'Maaşlı', equit...

Parsing ecmascript source code failed

Import trace:
  Server Component:
    ./app/profile/profile-content.tsx
    ./app/profile/page.tsx


./app/profile/profile-content.tsx:80:12
Error: Nullish coalescing operator(??) requires parens when mixing with logical operators
  78 |   if (key === 'workModel') {
  79 |     const map: Record<string, string> = { partnership: 'Ortaklık', salary: 'Maaşlı', equit...
> 80 |     return map[value] ?? value || '-'
     |            ^^^^^^^^^^^^^^^^^^^^^^^^^^
  81 |   }
  82 |   return value || '-'
  83 | }

Parsing ecmascript source code failed

Import trace:
  Server Component:
    ./app/profile/profile-content.tsx
    ./app/profile/page.tsx


    at <unknown> (./app/profile/profile-content.tsx:71:31)
    at <unknown> (./app/profile/profile-content.tsx:76:12)
    at <unknown> (./app/profile/profile-content.tsx:80:12)

[ERRO] npm run build
Build Failed: build daemon returned an error < failed to solve: process "npm run build" did not complete successfully: exit code: 1 >
warning: Config as Code (railway.json / railway.toml) is deprecated. Prefer Infrastructure as Code (.railway/railway.ts). Run `railway config migrate` or see https://docs.railway.com/infrastructure-as-code#migrating-from-config-as-code
  → Migrate: `railway config migrate` — https://docs.railway.com/infrastructure-as-code#migrating-from-config-as-code
  Existing files keep working until 2026-12-01.
